<html>
<body>
<pre>
<h1>�Vision Build Log</h1>
<h2>Tool Versions:</h2>
IDE-Version: µVision V5.39.0.0
Copyright (C) 2023 ARM Ltd and ARM Germany GmbH. All rights reserved.
License Information: 1 Encounter, 1, LIC=EXJT4-F2ILB-Z9VG9-4S9ZS-4RU7R-QIXXM
 
Tool Versions:
Toolchain:       MDK-ARM Plus  Version: 5.39.0.0
Toolchain Path:  D:\Study_Tools\Keil_v5\ARM\ARM_Compiler_5.06u7\Bin
C Compiler:      Armcc.exe V5.06 update 7 (build 960)
Assembler:       Armasm.exe V5.06 update 7 (build 960)
Linker/Locator:  ArmLink.exe V5.06 update 7 (build 960)
Library Manager: ArmAr.exe V5.06 update 7 (build 960)
Hex Converter:   FromElf.exe V5.06 update 7 (build 960)
CPU DLL:         SARMCM3.DLL V5.39.0.0
Dialog DLL:      DARMSTM.DLL V1.69.1.0
Target DLL:      STLink\ST-LINKIII-KEIL_SWO.dll V3.2.0.0
Dialog DLL:      TARMSTM.DLL V1.67.1.0
 
<h2>Project:</h2>
D:\Study_Documents\Graduation_project\RFID-Archive-Management-System\STM\USER\USART.uvprojx
Project File Date:  02/11/2025

<h2>Output:</h2>
*** Using Compiler 'V5.06 update 7 (build 960)', folder: 'D:\Study_Tools\Keil_v5\ARM\ARM_Compiler_5.06u7\Bin'
Rebuild target 'USART'
compiling uart3.c...
assembling startup_stm32f10x_md.s...
compiling usart.c...
compiling sys.c...
compiling ds18b20.c...
compiling core_cm3.c...
compiling glr_adc.c...
compiling gpio.c...
compiling delay.c...
compiling stm32f10x_it.c...
compiling uart2.c...
compiling wifi.c...
..\HARDWARE\ESP8266\wifi.c(164): warning:  #68-D: integer conversion resulted in a change of sign
  	u8 result = -1;
..\HARDWARE\ESP8266\wifi.c(182): warning:  #1293-D: assignment in condition
  	while ( result = esp8266_send_cmd( "AT+RST", "OK", 00 ) )           /* ����WIFIģ���������� */
..\HARDWARE\ESP8266\wifi.c(197): warning:  #1293-D: assignment in condition
  	while ( result = esp8266_send_cmd( "AT", "OK", 200 ) )           /* ����WIFIģ���������� */
..\HARDWARE\ESP8266\wifi.c: 3 warnings, 0 errors
compiling system_stm32f10x.c...
compiling main.c...
main.c(71): warning:  #177-D: variable "wd"  was declared but never referenced
  	float wd = 0;
main.c: 1 warning, 0 errors
compiling rc522.c...
..\HARDWARE\RFID\rc522.c(920): warning:  #223-D: function "u2_printf" declared implicitly
  	  u2_printf( "%s\r\n", p );
..\HARDWARE\RFID\rc522.c: 1 warning, 0 errors
compiling misc.c...
compiling stm32f10x_gpio.c...
compiling stm32f10x_rcc.c...
compiling stm32f10x_usart.c...
compiling stm32f10x_adc.c...
compiling stm32f10x_dma.c...
compiling stm32f10x_tim.c...
linking...
Program Size: Code=18136 RO-data=340 RW-data=136 ZI-data=3688  
FromELF: creating hex file...
"..\OBJ\USART.axf" - 0 Error(s), 5 Warning(s).

<h2>Software Packages used:</h2>

Package Vendor: Keil
                https://www.keil.com/pack/Keil.STM32F1xx_DFP.2.4.1.pack
                Keil::STM32F1xx_DFP@2.4.1
                STMicroelectronics STM32F1 Series Device Support, Drivers and Examples

<h2>Collection of Component include folders:</h2>
  D:/Study_Tools/Keil_v5/Arm/Packs/Keil/STM32F1xx_DFP/2.4.1/Device/Include

<h2>Collection of Component Files used:</h2>
Build Time Elapsed:  00:00:01
</pre>
</body>
</html>
